// Jest Snapshot v1, https://goo.gl/fbAQLP

exports[`matches the snapshot 1`] = `
<div>
  <div>
    <div
      class="boxDiv"
      style="height: 50px; width: 50px; background-color: black;"
    />
    <button
      class="removeButton"
    >
      Remove Box!
    </button>
  </div>
</div>
`;
